// Jest Snapshot v1, https://goo.gl/fbAQLP

exports[`PageNotFound components renders renders correctly 1`] = `
<main
  className="page-not-found"
>
  <h1>
    404
  </h1>
  <img
    alt="page not found"
    src="Page not found.png"
  />
  <h2>
    Page not found
  </h2>
  <p>
    We're sorry, the page you requested could not be found
  </p>
  <button
    className="primary-button"
  >
    <a
      href="/"
    >
      Go to home page
    </a>
  </button>
</main>
`;
