// Jest Snapshot v1, https://goo.gl/fbAQLP

exports[`Products tests FeaturedProducts component renders correctly 1`] = `
<section
  className="feature"
>
  <h2
    className="heading"
  >
    Featured products
  </h2>
  <div
    data-testid="loading"
    style={
      Object {
        "marginTop": "0",
      }
    }
  >
    <img
      alt="spinner"
      src="spinner.gif"
    />
  </div>
</section>
`;
