// Jest Snapshot v1, https://goo.gl/fbAQLP

exports[`hero components renders renders correctly 1`] = `
<section
  className="hero"
>
  <div
    className="column"
  >
    <h1>
      The cheapest products in the market
    </h1>
    <p>
      e-shop is the world's most popular and authoritative source for the highest variety of products. Find ratings and access to the newest products.
    </p>
    <button
      className="primary-button"
    >
      <a
        href="/products"
      >
        Explore products
      </a>
    </button>
  </div>
  <div
    className="column"
  >
    <img
      alt="hero"
      src="hero.jpg"
    />
  </div>
</section>
`;
